// Jest Snapshot v1, https://goo.gl/fbAQLP

exports[`renders correctly 1`] = `
Object {
  "ID": "widget",
  "constructorOptions": Object {},
  "html": "<header><a href=\\"/\\" class=\\"logo\\">Simple CI</a></header>",
  "nodes": Array [
    Object {
      "ID": undefined,
      "constructorOptions": null,
      "html": null,
      "nodes": null,
      "options": null,
    },
  ],
  "options": Object {
    "actionSequence": Array [
      "render",
      "bindEvents",
    ],
    "renderAsync": false,
    "renderDependence": Array [],
    "types": Array [],
  },
}
`;
