// Jest Snapshot v1, https://goo.gl/fbAQLP

exports[`renders correctly 1`] = `
Object {
  "Constructor": "PageContent",
  "Options": Object {
    "ID": "widget",
    "containerSelector": "body",
    "types": Array [],
  },
  "html": "
<!--breadcrumbs-->
<!--if-->
",
}
`;
