// Jest Snapshot v1, https://goo.gl/fbAQLP

exports[`render errors 1`] = `
Object {
  "Constructor": "ProjectDetailPage",
  "Options": Object {
    "ID": "component",
    "dataLoaded": false,
    "directives": Object {
      "EventListener": [Function],
      "disabled": [Function],
      "hrefto": [Function],
      "onclick": [Function],
      "oninput": [Function],
      "onload": [Function],
      "onresize": [Function],
      "onscroll": [Function],
      "onselect": [Function],
      "onsubmit": [Function],
      "ref": [Function],
    },
    "errors": Array [],
    "project": Object {},
  },
  "html": "
 <ul class=\\"breadcrumb\\">
   <li>
     <a href=\\"/\\"> Projects </a>
   </li>
   <!--if-->
   <li></li>
 </ul>
 <!--BreadCrumb-->
 <!--breadcrumbs-->
 <!--if-->
 <!--WithoutFlushLoader-->
 <!--if-->
 <!--PageContent-->
",
}
`;

exports[`renders correctly 1`] = `
Object {
  "Constructor": "ProjectDetailPage",
  "Options": Object {
    "ID": "component",
    "dataLoaded": false,
    "directives": Object {
      "EventListener": [Function],
      "disabled": [Function],
      "hrefto": [Function],
      "onclick": [Function],
      "oninput": [Function],
      "onload": [Function],
      "onresize": [Function],
      "onscroll": [Function],
      "onselect": [Function],
      "onsubmit": [Function],
      "ref": [Function],
    },
    "errors": Array [],
    "project": Object {},
  },
  "html": "
 <ul class=\\"breadcrumb\\">
   <li>
     <a href=\\"/\\"> Projects </a>
   </li>
   <!--if-->
   <li></li>
 </ul>
 <!--BreadCrumb-->
 <!--breadcrumbs-->
 <!--if-->
 <!--WithoutFlushLoader-->
 <!--if-->
 <!--PageContent-->
",
}
`;
