// Jest Snapshot v1, https://goo.gl/fbAQLP

exports[`renders correctly 1`] = `
Object {
  "Options": Object {
    "ID": "component",
    "command": "",
    "dataSaving": false,
    "directives": Object {
      "EventListener": [Function],
      "UpdateOnEvent": [Function],
      "disabled": [Function],
      "onChangeUpdate": [Function],
      "onInputUpdate": [Function],
      "onclick": [Function],
      "oninput": [Function],
      "onload": [Function],
      "onresize": [Function],
      "onscroll": [Function],
      "onselect": [Function],
      "onsubmit": [Function],
      "ref": [Function],
    },
    "name": "",
    "onSubmit": [Function],
    "saveButtonText": "",
  },
  "html": "
<div class=\\"project-chain-form\\">
  <form>
    <div class=\\"group\\">
      <input name=\\"name\\" type=\\"text\\" required=\\"\\"><span class=\\"highlight\\"></span><span class=\\"bar\\"></span>
      <label>Name</label>
    </div>
    <div class=\\"group\\">
      <textarea wrap=\\"off\\" style=\\"display: none\\" name=\\"command\\"></textarea>
      <div class=\\"code-flask\\">
        <div class=\\"codeflask codeflask--has-line-numbers\\">
          <textarea class=\\"codeflask__textarea codeflask__flatten\\" spellcheck=\\"false\\" autocapitalize=\\"off\\" autocomplete=\\"off\\" autocorrect=\\"off\\"></textarea><pre class=\\"codeflask__pre codeflask__flatten  language-html\\"><code class=\\"codeflask__code  language-html\\"></code></pre>
          <div class=\\"codeflask__lines\\"><span class=\\"codeflask__lines__line\\">1</span></div>
        </div>
      </div>
      <!--0--><span class=\\"highlight\\"></span><span class=\\"bar\\"></span>
      <label>Command</label>
    </div>
    <div class=\\"group\\">
      <button type=\\"submit\\"><span></span></button>
    </div>
  </form>
</div>
",
}
`;
