// Jest Snapshot v1, https://goo.gl/fbAQLP

exports[`run project chain 1`] = `
"<header>
  <a href=\\"\\" class=\\"logo\\">Simple CI
    <!--default-->
  </a>
</header>
<!--Header-->
<main>
  <ul class=\\"breadcrumb\\">
    <li>
      <a href=\\"\\" class=\\"\\">Projects
        <!--default-->
      </a>
    </li>
    <li>
      <a href=\\"projects/1\\" class=\\"\\">Test
        <!--default-->
      </a>
    </li>
    <!--if-->
    <li>
      <a href=\\"projects/1/chains/2\\" class=\\"\\">Test chain
        <!--default-->
      </a>
    </li>
    <!--if-->
    <li>Run chain</li>
  </ul>
  <!--BreadCrumb-->
  <!--breadcrumbs-->
  <!--if-->
  <!--ErrorsPanel-->
  <button class=\\"run-project-chain\\"><span>Run</span></button> <pre class=\\"command-output\\"></pre>
  <!--CommandOutput-->
  <!--content-->
  <!--if-->
  <!--PageContent-->
</main>
<footer> Sham 2018 </footer>
<!--Footer-->"
`;

exports[`run project chain 2`] = `
"<header>
  <a href=\\"\\" class=\\"logo\\">Simple CI
    <!--default-->
  </a>
</header>
<!--Header-->
<main>
  <ul class=\\"breadcrumb\\">
    <li>
      <a href=\\"\\" class=\\"\\">Projects
        <!--default-->
      </a>
    </li>
    <li>
      <a href=\\"projects/1\\" class=\\"\\">Test
        <!--default-->
      </a>
    </li>
    <!--if-->
    <li>
      <a href=\\"projects/1/chains/2\\" class=\\"\\">Test chain
        <!--default-->
      </a>
    </li>
    <!--if-->
    <li>Run chain</li>
  </ul>
  <!--BreadCrumb-->
  <!--breadcrumbs-->
  <!--if-->
  <!--ErrorsPanel-->
  <button class=\\"run-project-chain\\"><span>Run</span></button> <pre class=\\"command-output\\"></pre>
  <!--CommandOutput-->
  <!--content-->
  <!--if-->
  <!--PageContent-->
</main>
<footer> Sham 2018 </footer>
<!--Footer-->"
`;
