// Jest Snapshot v1, https://goo.gl/fbAQLP

exports[`renders correctly 1`] = `
Object {
  "Options": Object {
    "dataSaving": false,
    "errors": Array [],
    "password": "",
  },
  "html": "
<!--0-->
<!--0-->
<div class=\\"login-form\\">
  <form>
    <div class=\\"group\\">
      <input name=\\"username\\" type=\\"text\\" required=\\"\\"><span class=\\"highlight\\"></span><span class=\\"bar\\"></span>
      <label>Username</label>
    </div>
    <div class=\\"group\\">
      <input name=\\"password\\" type=\\"password\\" required=\\"\\"><span class=\\"highlight\\"></span><span class=\\"bar\\"></span>
      <label>Password</label>
    </div>
    <div class=\\"group\\">
      <button type=\\"submit\\"><span>Login</span></button>
    </div>
  </form>
</div>
",
}
`;
