// Jest Snapshot v1, https://goo.gl/fbAQLP

exports[`renders correctly 1`] = `
Object {
  "Constructor": "ErrorsPanel",
  "Options": Object {
    "ID": "component",
  },
  "html": "<!--if-->",
}
`;
