// Jest Snapshot v1, https://goo.gl/fbAQLP

exports[`delay 1`] = `
Object {
  "Constructor": "FlushPageDataLoading",
  "Options": Object {
    "ID": "component",
    "containerSelector": "body",
    "delay": 100,
    "showLoader": true,
    "types": Array [],
  },
  "html": "
<div class=\\"page-data-loading\\">
  <div class=\\"sk-cube-grid\\">
    <div class=\\"sk-cube sk-cube1\\"></div>
    <div class=\\"sk-cube sk-cube2\\"></div>
    <div class=\\"sk-cube sk-cube3\\"></div>
    <div class=\\"sk-cube sk-cube4\\"></div>
    <div class=\\"sk-cube sk-cube5\\"></div>
    <div class=\\"sk-cube sk-cube6\\"></div>
    <div class=\\"sk-cube sk-cube7\\"></div>
    <div class=\\"sk-cube sk-cube8\\"></div>
    <div class=\\"sk-cube sk-cube9\\"></div>
  </div>
</div>
<!--PageDataLoading-->
<!--if-->
",
}
`;

exports[`renders correctly 1`] = `
Object {
  "Constructor": "FlushPageDataLoading",
  "Options": Object {
    "ID": "component",
    "containerSelector": "body",
    "delay": 100,
    "showLoader": false,
    "types": Array [],
  },
  "html": "<!--if-->",
}
`;
