// Jest Snapshot v1, https://goo.gl/fbAQLP

exports[`renders correctly 1`] = `
Object {
  "Options": Object {
    "ID": "component",
  },
  "html": "
<footer> Sham 2018
  (v ) </footer>
",
}
`;
